=== Проверка Hadoop ===
========== 1. WordCount ==========
Deleted /user/enovo/wc/output
packageJobJar: [/tmp/hadoop-unjar4830504694072627476/] [] /tmp/streamjob17537540829119008659.jar tmpDir=null
2026-04-13 19:20:31,202 INFO client.DefaultNoHARMFailoverProxyProvider: Connecting to ResourceManager at /0.0.0.0:8032
2026-04-13 19:20:31,421 INFO client.DefaultNoHARMFailoverProxyProvider: Connecting to ResourceManager at /0.0.0.0:8032
2026-04-13 19:20:31,888 INFO mapreduce.JobResourceUploader: Disabling Erasure Coding for path: /tmp/hadoop-yarn/staging/enovo/.staging/job_1776094534336_0012
2026-04-13 19:20:34,284 INFO mapred.FileInputFormat: Total input files to process : 1
2026-04-13 19:20:34,744 INFO mapreduce.JobSubmitter: number of splits:2
2026-04-13 19:20:35,098 INFO mapreduce.JobSubmitter: Submitting tokens for job: job_1776094534336_0012
2026-04-13 19:20:35,099 INFO mapreduce.JobSubmitter: Executing with tokens: []
2026-04-13 19:20:35,536 INFO conf.Configuration: resource-types.xml not found
2026-04-13 19:20:35,536 INFO resource.ResourceUtils: Unable to find 'resource-types.xml'.
2026-04-13 19:20:35,624 INFO impl.YarnClientImpl: Submitted application application_1776094534336_0012
2026-04-13 19:20:35,676 INFO mapreduce.Job: The url to track the job: http://LAPTOP-LTALFPSP.localdomain:8088/proxy/application_1776094534336_0012/
2026-04-13 19:20:35,678 INFO mapreduce.Job: Running job: job_1776094534336_0012
2026-04-13 19:20:46,061 INFO mapreduce.Job: Job job_1776094534336_0012 running in uber mode : false
2026-04-13 19:20:46,064 INFO mapreduce.Job:  map 0% reduce 0%
2026-04-13 19:20:54,585 INFO mapreduce.Job:  map 100% reduce 0%
2026-04-13 19:21:02,764 INFO mapreduce.Job:  map 100% reduce 100%
2026-04-13 19:21:03,815 INFO mapreduce.Job: Job job_1776094534336_0012 completed successfully
2026-04-13 19:21:04,035 INFO mapreduce.Job: Counters: 54
	File System Counters
		FILE: Number of bytes read=100
		FILE: Number of bytes written=939835
		FILE: Number of read operations=0
		FILE: Number of large read operations=0
		FILE: Number of write operations=0
		HDFS: Number of bytes read=293
		HDFS: Number of bytes written=34
		HDFS: Number of read operations=11
		HDFS: Number of large read operations=0
		HDFS: Number of write operations=2
		HDFS: Number of bytes read erasure-coded=0
	Job Counters 
		Launched map tasks=2
		Launched reduce tasks=1
		Data-local map tasks=2
		Total time spent by all maps in occupied slots (ms)=10581
		Total time spent by all reduces in occupied slots (ms)=5897
		Total time spent by all map tasks (ms)=10581
		Total time spent by all reduce tasks (ms)=5897
		Total vcore-milliseconds taken by all map tasks=10581
		Total vcore-milliseconds taken by all reduce tasks=5897
		Total megabyte-milliseconds taken by all map tasks=10834944
		Total megabyte-milliseconds taken by all reduce tasks=6038528
	Map-Reduce Framework
		Map input records=3
		Map output records=9
		Map output bytes=76
		Map output materialized bytes=106
		Input split bytes=206
		Combine input records=0
		Combine output records=0
		Reduce input groups=4
		Reduce shuffle bytes=106
		Reduce input records=9
		Reduce output records=4
		Spilled Records=18
		Shuffled Maps =2
		Failed Shuffles=0
		Merged Map outputs=2
		GC time elapsed (ms)=125
		CPU time spent (ms)=5340
		Physical memory (bytes) snapshot=785739776
		Virtual memory (bytes) snapshot=8210075648
		Total committed heap usage (bytes)=456130560
		Peak Map Physical memory (bytes)=302284800
		Peak Map Virtual memory (bytes)=2736451584
		Peak Reduce Physical memory (bytes)=194576384
		Peak Reduce Virtual memory (bytes)=2742300672
	Shuffle Errors
		BAD_ID=0
		CONNECTION=0
		IO_ERROR=0
		WRONG_LENGTH=0
		WRONG_MAP=0
		WRONG_REDUCE=0
	File Input Format Counters 
		Bytes Read=87
	File Output Format Counters 
		Bytes Written=34
2026-04-13 19:21:04,035 INFO streaming.StreamJob: Output directory: /user/enovo/wc/output
Результат:
hadoop	3
hello	3
python	1
world	2
========== 2. Инвертированный индекс ==========
Deleted /user/enovo/invidx/output
packageJobJar: [/tmp/hadoop-unjar5623582058121916541/] [] /tmp/streamjob6191272778727097385.jar tmpDir=null
2026-04-13 19:21:15,524 INFO client.DefaultNoHARMFailoverProxyProvider: Connecting to ResourceManager at /0.0.0.0:8032
2026-04-13 19:21:15,949 INFO client.DefaultNoHARMFailoverProxyProvider: Connecting to ResourceManager at /0.0.0.0:8032
2026-04-13 19:21:17,657 INFO mapreduce.JobResourceUploader: Disabling Erasure Coding for path: /tmp/hadoop-yarn/staging/enovo/.staging/job_1776094534336_0013
2026-04-13 19:21:20,426 INFO mapred.FileInputFormat: Total input files to process : 1
2026-04-13 19:21:20,850 INFO mapreduce.JobSubmitter: number of splits:2
2026-04-13 19:21:21,735 INFO mapreduce.JobSubmitter: Submitting tokens for job: job_1776094534336_0013
2026-04-13 19:21:21,735 INFO mapreduce.JobSubmitter: Executing with tokens: []
2026-04-13 19:22:30,035 INFO conf.Configuration: resource-types.xml not found
2026-04-13 19:22:30,036 INFO resource.ResourceUtils: Unable to find 'resource-types.xml'.
2026-04-13 19:22:30,285 INFO impl.YarnClientImpl: Submitted application application_1776094534336_0013
2026-04-13 19:22:30,390 INFO mapreduce.Job: The url to track the job: http://LAPTOP-LTALFPSP.localdomain:8088/proxy/application_1776094534336_0013/
2026-04-13 19:22:30,393 INFO mapreduce.Job: Running job: job_1776094534336_0013
2026-04-13 19:22:39,685 INFO mapreduce.Job: Job job_1776094534336_0013 running in uber mode : false
2026-04-13 19:22:39,689 INFO mapreduce.Job:  map 0% reduce 0%
2026-04-13 19:21:39,329 INFO mapreduce.Job:  map 100% reduce 0%
2026-04-13 19:21:48,504 INFO mapreduce.Job:  map 100% reduce 100%
2026-04-13 19:21:50,597 INFO mapreduce.Job: Job job_1776094534336_0013 completed successfully
2026-04-13 19:21:50,794 INFO mapreduce.Job: Counters: 54
	File System Counters
		FILE: Number of bytes read=100
		FILE: Number of bytes written=939960
		FILE: Number of read operations=0
		FILE: Number of large read operations=0
		FILE: Number of write operations=0
		HDFS: Number of bytes read=302
		HDFS: Number of bytes written=61
		HDFS: Number of read operations=11
		HDFS: Number of large read operations=0
		HDFS: Number of write operations=2
		HDFS: Number of bytes read erasure-coded=0
	Job Counters 
		Launched map tasks=2
		Launched reduce tasks=1
		Data-local map tasks=2
		Total time spent by all maps in occupied slots (ms)=-124570
		Total time spent by all reduces in occupied slots (ms)=5885
		Total time spent by all map tasks (ms)=-124570
		Total time spent by all reduce tasks (ms)=5885
		Total vcore-milliseconds taken by all map tasks=-124570
		Total vcore-milliseconds taken by all reduce tasks=5885
		Total megabyte-milliseconds taken by all map tasks=-127559680
		Total megabyte-milliseconds taken by all reduce tasks=6026240
	Map-Reduce Framework
		Map input records=3
		Map output records=7
		Map output bytes=80
		Map output materialized bytes=106
		Input split bytes=212
		Combine input records=0
		Combine output records=0
		Reduce input groups=4
		Reduce shuffle bytes=106
		Reduce input records=7
		Reduce output records=4
		Spilled Records=14
		Shuffled Maps =2
		Failed Shuffles=0
		Merged Map outputs=2
		GC time elapsed (ms)=127
		CPU time spent (ms)=4730
		Physical memory (bytes) snapshot=755986432
		Virtual memory (bytes) snapshot=8210436096
		Total committed heap usage (bytes)=454033408
		Peak Map Physical memory (bytes)=291553280
		Peak Map Virtual memory (bytes)=2736345088
		Peak Reduce Physical memory (bytes)=197931008
		Peak Reduce Virtual memory (bytes)=2744070144
	Shuffle Errors
		BAD_ID=0
		CONNECTION=0
		IO_ERROR=0
		WRONG_LENGTH=0
		WRONG_MAP=0
		WRONG_REDUCE=0
	File Input Format Counters 
		Bytes Read=90
	File Output Format Counters 
		Bytes Written=61
2026-04-13 19:21:50,795 INFO streaming.StreamJob: Output directory: /user/enovo/invidx/output
hadoop	doc2,doc3
hello	doc1,doc2
python	doc3
world	doc1,doc3
========== 3. Среднее по ключу ==========
Deleted /user/enovo/avg/output
packageJobJar: [/tmp/hadoop-unjar12436182004338561918/] [] /tmp/streamjob12614878038506765806.jar tmpDir=null
2026-04-13 19:22:02,454 INFO client.DefaultNoHARMFailoverProxyProvider: Connecting to ResourceManager at /0.0.0.0:8032
2026-04-13 19:22:02,757 INFO client.DefaultNoHARMFailoverProxyProvider: Connecting to ResourceManager at /0.0.0.0:8032
2026-04-13 19:22:03,245 INFO mapreduce.JobResourceUploader: Disabling Erasure Coding for path: /tmp/hadoop-yarn/staging/enovo/.staging/job_1776094534336_0014
2026-04-13 19:22:06,034 INFO mapred.FileInputFormat: Total input files to process : 1
2026-04-13 19:22:07,350 INFO mapreduce.JobSubmitter: number of splits:3
2026-04-13 19:22:08,219 INFO mapreduce.JobSubmitter: Submitting tokens for job: job_1776094534336_0014
2026-04-13 19:22:08,220 INFO mapreduce.JobSubmitter: Executing with tokens: []
2026-04-13 19:22:08,996 INFO conf.Configuration: resource-types.xml not found
2026-04-13 19:22:08,998 INFO resource.ResourceUtils: Unable to find 'resource-types.xml'.
2026-04-13 19:22:09,251 INFO impl.YarnClientImpl: Submitted application application_1776094534336_0014
2026-04-13 19:22:09,366 INFO mapreduce.Job: The url to track the job: http://LAPTOP-LTALFPSP.localdomain:8088/proxy/application_1776094534336_0014/
2026-04-13 19:22:09,369 INFO mapreduce.Job: Running job: job_1776094534336_0014
2026-04-13 19:22:19,769 INFO mapreduce.Job: Job job_1776094534336_0014 running in uber mode : false
2026-04-13 19:22:19,773 INFO mapreduce.Job:  map 0% reduce 0%
2026-04-13 19:22:29,160 INFO mapreduce.Job:  map 100% reduce 0%
2026-04-13 19:22:38,409 INFO mapreduce.Job:  map 100% reduce 100%
2026-04-13 19:22:40,480 INFO mapreduce.Job: Job job_1776094534336_0014 completed successfully
2026-04-13 19:22:40,808 INFO mapreduce.Job: Counters: 54
	File System Counters
		FILE: Number of bytes read=41
		FILE: Number of bytes written=1252991
		FILE: Number of read operations=0
		FILE: Number of large read operations=0
		FILE: Number of write operations=0
		HDFS: Number of bytes read=336
		HDFS: Number of bytes written=14
		HDFS: Number of read operations=14
		HDFS: Number of large read operations=0
		HDFS: Number of write operations=2
		HDFS: Number of bytes read erasure-coded=0
	Job Counters 
		Launched map tasks=3
		Launched reduce tasks=1
		Data-local map tasks=3
		Total time spent by all maps in occupied slots (ms)=18663
		Total time spent by all reduces in occupied slots (ms)=7665
		Total time spent by all map tasks (ms)=18663
		Total time spent by all reduce tasks (ms)=7665
		Total vcore-milliseconds taken by all map tasks=18663
		Total vcore-milliseconds taken by all reduce tasks=7665
		Total megabyte-milliseconds taken by all map tasks=19110912
		Total megabyte-milliseconds taken by all reduce tasks=7848960
	Map-Reduce Framework
		Map input records=4
		Map output records=4
		Map output bytes=27
		Map output materialized bytes=53
		Input split bytes=306
		Combine input records=0
		Combine output records=0
		Reduce input groups=2
		Reduce shuffle bytes=53
		Reduce input records=4
		Reduce output records=2
		Spilled Records=8
		Shuffled Maps =3
		Failed Shuffles=0
		Merged Map outputs=3
		GC time elapsed (ms)=225
		CPU time spent (ms)=5870
		Physical memory (bytes) snapshot=1120018432
		Virtual memory (bytes) snapshot=10966159360
		Total committed heap usage (bytes)=658505728
		Peak Map Physical memory (bytes)=310325248
		Peak Map Virtual memory (bytes)=2742534144
		Peak Reduce Physical memory (bytes)=202911744
		Peak Reduce Virtual memory (bytes)=2748276736
	Shuffle Errors
		BAD_ID=0
		CONNECTION=0
		IO_ERROR=0
		WRONG_LENGTH=0
		WRONG_MAP=0
		WRONG_REDUCE=0
	File Input Format Counters 
		Bytes Read=30
	File Output Format Counters 
		Bytes Written=14
2026-04-13 19:22:40,808 INFO streaming.StreamJob: Output directory: /user/enovo/avg/output
A	15.0
B	10.0
========== 4. Top-N ==========
Deleted /user/enovo/topn/output
packageJobJar: [/tmp/hadoop-unjar17659325218531551969/] [] /tmp/streamjob9989594176292122350.jar tmpDir=null
2026-04-13 19:22:51,859 INFO client.DefaultNoHARMFailoverProxyProvider: Connecting to ResourceManager at /0.0.0.0:8032
2026-04-13 19:22:52,051 INFO client.DefaultNoHARMFailoverProxyProvider: Connecting to ResourceManager at /0.0.0.0:8032
2026-04-13 19:22:52,580 INFO mapreduce.JobResourceUploader: Disabling Erasure Coding for path: /tmp/hadoop-yarn/staging/enovo/.staging/job_1776094534336_0015
2026-04-13 19:22:54,472 INFO mapred.FileInputFormat: Total input files to process : 1
2026-04-13 19:22:54,892 INFO mapreduce.JobSubmitter: number of splits:2
2026-04-13 19:22:56,006 INFO mapreduce.JobSubmitter: Submitting tokens for job: job_1776094534336_0015
2026-04-13 19:22:56,006 INFO mapreduce.JobSubmitter: Executing with tokens: []
2026-04-13 19:22:56,463 INFO conf.Configuration: resource-types.xml not found
2026-04-13 19:22:56,463 INFO resource.ResourceUtils: Unable to find 'resource-types.xml'.
2026-04-13 19:22:56,588 INFO impl.YarnClientImpl: Submitted application application_1776094534336_0015
2026-04-13 19:22:56,655 INFO mapreduce.Job: The url to track the job: http://LAPTOP-LTALFPSP.localdomain:8088/proxy/application_1776094534336_0015/
2026-04-13 19:22:56,659 INFO mapreduce.Job: Running job: job_1776094534336_0015
2026-04-13 19:23:05,935 INFO mapreduce.Job: Job job_1776094534336_0015 running in uber mode : false
2026-04-13 19:23:05,938 INFO mapreduce.Job:  map 0% reduce 0%
2026-04-13 19:24:19,719 INFO mapreduce.Job:  map 100% reduce 0%
2026-04-13 19:23:21,271 INFO mapreduce.Job:  map 100% reduce 100%
2026-04-13 19:24:29,855 INFO mapreduce.Job: Job job_1776094534336_0015 completed successfully
2026-04-13 19:23:22,506 INFO mapreduce.Job: Counters: 54
	File System Counters
		FILE: Number of bytes read=48
		FILE: Number of bytes written=939776
		FILE: Number of read operations=0
		FILE: Number of large read operations=0
		FILE: Number of write operations=0
		HDFS: Number of bytes read=261
		HDFS: Number of bytes written=25
		HDFS: Number of read operations=11
		HDFS: Number of large read operations=0
		HDFS: Number of write operations=2
		HDFS: Number of bytes read erasure-coded=0
	Job Counters 
		Launched map tasks=2
		Launched reduce tasks=1
		Data-local map tasks=2
		Total time spent by all maps in occupied slots (ms)=8132
		Total time spent by all reduces in occupied slots (ms)=5815
		Total time spent by all map tasks (ms)=8132
		Total time spent by all reduce tasks (ms)=5815
		Total vcore-milliseconds taken by all map tasks=8132
		Total vcore-milliseconds taken by all reduce tasks=5815
		Total megabyte-milliseconds taken by all map tasks=8327168
		Total megabyte-milliseconds taken by all reduce tasks=5954560
	Map-Reduce Framework
		Map input records=4
		Map output records=4
		Map output bytes=34
		Map output materialized bytes=54
		Input split bytes=210
		Combine input records=0
		Combine output records=0
		Reduce input groups=4
		Reduce shuffle bytes=54
		Reduce input records=4
		Reduce output records=3
		Spilled Records=8
		Shuffled Maps =2
		Failed Shuffles=0
		Merged Map outputs=2
		GC time elapsed (ms)=121
		CPU time spent (ms)=3880
		Physical memory (bytes) snapshot=780881920
		Virtual memory (bytes) snapshot=8220229632
		Total committed heap usage (bytes)=461373440
		Peak Map Physical memory (bytes)=294359040
		Peak Map Virtual memory (bytes)=2738753536
		Peak Reduce Physical memory (bytes)=210706432
		Peak Reduce Virtual memory (bytes)=2752327680
	Shuffle Errors
		BAD_ID=0
		CONNECTION=0
		IO_ERROR=0
		WRONG_LENGTH=0
		WRONG_MAP=0
		WRONG_REDUCE=0
	File Input Format Counters 
		Bytes Read=51
	File Output Format Counters 
		Bytes Written=25
2026-04-13 19:23:22,506 INFO streaming.StreamJob: Output directory: /user/enovo/topn/output
hello	3
hadoop	3
world	2
========== 5. Secondary sort ==========
Deleted /user/enovo/secondary/output
packageJobJar: [/tmp/hadoop-unjar5973246990618287967/] [] /tmp/streamjob4402768164506280737.jar tmpDir=null
2026-04-13 19:23:33,103 INFO client.DefaultNoHARMFailoverProxyProvider: Connecting to ResourceManager at /0.0.0.0:8032
2026-04-13 19:23:33,339 INFO client.DefaultNoHARMFailoverProxyProvider: Connecting to ResourceManager at /0.0.0.0:8032
2026-04-13 19:23:33,853 INFO mapreduce.JobResourceUploader: Disabling Erasure Coding for path: /tmp/hadoop-yarn/staging/enovo/.staging/job_1776094534336_0016
2026-04-13 19:23:36,138 INFO mapred.FileInputFormat: Total input files to process : 1
2026-04-13 19:23:36,732 INFO mapreduce.JobSubmitter: number of splits:2
2026-04-13 19:23:39,209 INFO mapreduce.JobSubmitter: Submitting tokens for job: job_1776094534336_0016
2026-04-13 19:23:39,210 INFO mapreduce.JobSubmitter: Executing with tokens: []
2026-04-13 19:23:39,536 INFO conf.Configuration: resource-types.xml not found
2026-04-13 19:23:39,536 INFO resource.ResourceUtils: Unable to find 'resource-types.xml'.
2026-04-13 19:23:39,979 INFO impl.YarnClientImpl: Submitted application application_1776094534336_0016
2026-04-13 19:23:40,094 INFO mapreduce.Job: The url to track the job: http://LAPTOP-LTALFPSP.localdomain:8088/proxy/application_1776094534336_0016/
2026-04-13 19:23:40,098 INFO mapreduce.Job: Running job: job_1776094534336_0016
2026-04-13 19:23:50,343 INFO mapreduce.Job: Job job_1776094534336_0016 running in uber mode : false
2026-04-13 19:23:50,348 INFO mapreduce.Job:  map 0% reduce 0%
2026-04-13 19:23:59,627 INFO mapreduce.Job:  map 100% reduce 0%
2026-04-13 19:24:07,735 INFO mapreduce.Job:  map 100% reduce 100%
2026-04-13 19:24:10,841 INFO mapreduce.Job: Job job_1776094534336_0016 completed successfully
2026-04-13 19:24:11,191 INFO mapreduce.Job: Counters: 54
	File System Counters
		FILE: Number of bytes read=66
		FILE: Number of bytes written=939986
		FILE: Number of read operations=0
		FILE: Number of large read operations=0
		FILE: Number of write operations=0
		HDFS: Number of bytes read=258
		HDFS: Number of bytes written=14
		HDFS: Number of read operations=11
		HDFS: Number of large read operations=0
		HDFS: Number of write operations=2
		HDFS: Number of bytes read erasure-coded=0
	Job Counters 
		Launched map tasks=2
		Launched reduce tasks=1
		Data-local map tasks=2
		Total time spent by all maps in occupied slots (ms)=14610
		Total time spent by all reduces in occupied slots (ms)=5372
		Total time spent by all map tasks (ms)=14610
		Total time spent by all reduce tasks (ms)=5372
		Total vcore-milliseconds taken by all map tasks=14610
		Total vcore-milliseconds taken by all reduce tasks=5372
		Total megabyte-milliseconds taken by all map tasks=14960640
		Total megabyte-milliseconds taken by all reduce tasks=5500928
	Map-Reduce Framework
		Map input records=5
		Map output records=5
		Map output bytes=50
		Map output materialized bytes=72
		Input split bytes=228
		Combine input records=0
		Combine output records=0
		Reduce input groups=2
		Reduce shuffle bytes=72
		Reduce input records=5
		Reduce output records=2
		Spilled Records=10
		Shuffled Maps =2
		Failed Shuffles=0
		Merged Map outputs=2
		GC time elapsed (ms)=110
		CPU time spent (ms)=4440
		Physical memory (bytes) snapshot=757051392
		Virtual memory (bytes) snapshot=8208113664
		Total committed heap usage (bytes)=440401920
		Peak Map Physical memory (bytes)=297967616
		Peak Map Virtual memory (bytes)=2733821952
		Peak Reduce Physical memory (bytes)=196616192
		Peak Reduce Virtual memory (bytes)=2744827904
	Shuffle Errors
		BAD_ID=0
		CONNECTION=0
		IO_ERROR=0
		WRONG_LENGTH=0
		WRONG_MAP=0
		WRONG_REDUCE=0
	File Input Format Counters 
		Bytes Read=30
	File Output Format Counters 
		Bytes Written=14
2026-04-13 19:24:11,191 INFO streaming.StreamJob: Output directory: /user/enovo/secondary/output
A	2,1,3
B	5,7
========== 6. Combiner ==========
Deleted /user/enovo/wc_combiner/output
packageJobJar: [/tmp/hadoop-unjar4743889022424518756/] [] /tmp/streamjob1672296329175274969.jar tmpDir=null
2026-04-13 19:24:22,298 INFO client.DefaultNoHARMFailoverProxyProvider: Connecting to ResourceManager at /0.0.0.0:8032
2026-04-13 19:24:22,455 INFO client.DefaultNoHARMFailoverProxyProvider: Connecting to ResourceManager at /0.0.0.0:8032
2026-04-13 19:24:23,414 INFO mapreduce.JobResourceUploader: Disabling Erasure Coding for path: /tmp/hadoop-yarn/staging/enovo/.staging/job_1776094534336_0017
2026-04-13 19:24:26,937 INFO mapred.FileInputFormat: Total input files to process : 1
2026-04-13 19:24:27,350 INFO mapreduce.JobSubmitter: number of splits:2
2026-04-13 19:25:34,984 INFO mapreduce.JobSubmitter: Submitting tokens for job: job_1776094534336_0017
2026-04-13 19:25:34,984 INFO mapreduce.JobSubmitter: Executing with tokens: []
2026-04-13 19:24:27,710 INFO conf.Configuration: resource-types.xml not found
2026-04-13 19:24:27,710 INFO resource.ResourceUtils: Unable to find 'resource-types.xml'.
2026-04-13 19:24:28,783 INFO impl.YarnClientImpl: Submitted application application_1776094534336_0017
2026-04-13 19:24:28,958 INFO mapreduce.Job: The url to track the job: http://LAPTOP-LTALFPSP.localdomain:8088/proxy/application_1776094534336_0017/
2026-04-13 19:24:28,963 INFO mapreduce.Job: Running job: job_1776094534336_0017
2026-04-13 19:24:37,710 INFO mapreduce.Job: Job job_1776094534336_0017 running in uber mode : false
2026-04-13 19:24:37,713 INFO mapreduce.Job:  map 0% reduce 0%
2026-04-13 19:24:45,906 INFO mapreduce.Job:  map 100% reduce 0%
2026-04-13 19:24:54,044 INFO mapreduce.Job:  map 100% reduce 100%
2026-04-13 19:24:56,123 INFO mapreduce.Job: Job job_1776094534336_0017 completed successfully
2026-04-13 19:24:56,440 INFO mapreduce.Job: Counters: 54
	File System Counters
		FILE: Number of bytes read=69
		FILE: Number of bytes written=941834
		FILE: Number of read operations=0
		FILE: Number of large read operations=0
		FILE: Number of write operations=0
		HDFS: Number of bytes read=293
		HDFS: Number of bytes written=34
		HDFS: Number of read operations=11
		HDFS: Number of large read operations=0
		HDFS: Number of write operations=2
		HDFS: Number of bytes read erasure-coded=0
	Job Counters 
		Launched map tasks=2
		Launched reduce tasks=1
		Data-local map tasks=2
		Total time spent by all maps in occupied slots (ms)=9577
		Total time spent by all reduces in occupied slots (ms)=5916
		Total time spent by all map tasks (ms)=9577
		Total time spent by all reduce tasks (ms)=5916
		Total vcore-milliseconds taken by all map tasks=9577
		Total vcore-milliseconds taken by all reduce tasks=5916
		Total megabyte-milliseconds taken by all map tasks=9806848
		Total megabyte-milliseconds taken by all reduce tasks=6057984
	Map-Reduce Framework
		Map input records=3
		Map output records=9
		Map output bytes=76
		Map output materialized bytes=75
		Input split bytes=206
		Combine input records=9
		Combine output records=6
		Reduce input groups=4
		Reduce shuffle bytes=75
		Reduce input records=6
		Reduce output records=4
		Spilled Records=12
		Shuffled Maps =2
		Failed Shuffles=0
		Merged Map outputs=2
		GC time elapsed (ms)=130
		CPU time spent (ms)=4720
		Physical memory (bytes) snapshot=769351680
		Virtual memory (bytes) snapshot=8217907200
		Total committed heap usage (bytes)=470810624
		Peak Map Physical memory (bytes)=302080000
		Peak Map Virtual memory (bytes)=2736214016
		Peak Reduce Physical memory (bytes)=204103680
		Peak Reduce Virtual memory (bytes)=2750013440
	Shuffle Errors
		BAD_ID=0
		CONNECTION=0
		IO_ERROR=0
		WRONG_LENGTH=0
		WRONG_MAP=0
		WRONG_REDUCE=0
	File Input Format Counters 
		Bytes Read=87
	File Output Format Counters 
		Bytes Written=34
2026-04-13 19:24:56,440 INFO streaming.StreamJob: Output directory: /user/enovo/wc_combiner/output
Результат:
hadoop	3
hello	3
python	1
world	2
========== 7. Join ==========
Deleted /user/enovo/join/output
packageJobJar: [/tmp/hadoop-unjar9683592951363289517/] [] /tmp/streamjob9816085471652588578.jar tmpDir=null
2026-04-13 19:25:06,638 INFO client.DefaultNoHARMFailoverProxyProvider: Connecting to ResourceManager at /0.0.0.0:8032
2026-04-13 19:25:06,848 INFO client.DefaultNoHARMFailoverProxyProvider: Connecting to ResourceManager at /0.0.0.0:8032
2026-04-13 19:25:07,329 INFO mapreduce.JobResourceUploader: Disabling Erasure Coding for path: /tmp/hadoop-yarn/staging/enovo/.staging/job_1776094534336_0018
2026-04-13 19:25:10,266 INFO mapred.FileInputFormat: Total input files to process : 2
2026-04-13 19:25:10,750 INFO mapreduce.JobSubmitter: number of splits:3
2026-04-13 19:25:11,209 INFO mapreduce.JobSubmitter: Submitting tokens for job: job_1776094534336_0018
2026-04-13 19:25:11,209 INFO mapreduce.JobSubmitter: Executing with tokens: []
2026-04-13 19:25:11,631 INFO conf.Configuration: resource-types.xml not found
2026-04-13 19:25:11,632 INFO resource.ResourceUtils: Unable to find 'resource-types.xml'.
2026-04-13 19:25:11,780 INFO impl.YarnClientImpl: Submitted application application_1776094534336_0018
2026-04-13 19:25:11,821 INFO mapreduce.Job: The url to track the job: http://LAPTOP-LTALFPSP.localdomain:8088/proxy/application_1776094534336_0018/
2026-04-13 19:25:11,823 INFO mapreduce.Job: Running job: job_1776094534336_0018
2026-04-13 19:25:23,120 INFO mapreduce.Job: Job job_1776094534336_0018 running in uber mode : false
2026-04-13 19:25:23,124 INFO mapreduce.Job:  map 0% reduce 0%
2026-04-13 19:25:30,382 INFO mapreduce.Job:  map 100% reduce 0%
2026-04-13 19:26:44,978 INFO mapreduce.Job:  map 100% reduce 100%
2026-04-13 19:25:40,560 INFO mapreduce.Job: Job job_1776094534336_0018 completed successfully
2026-04-13 19:25:40,793 INFO mapreduce.Job: Counters: 54
	File System Counters
		FILE: Number of bytes read=62
		FILE: Number of bytes written=1253065
		FILE: Number of read operations=0
		FILE: Number of large read operations=0
		FILE: Number of write operations=0
		HDFS: Number of bytes read=389
		HDFS: Number of bytes written=0
		HDFS: Number of read operations=14
		HDFS: Number of large read operations=0
		HDFS: Number of write operations=2
		HDFS: Number of bytes read erasure-coded=0
	Job Counters 
		Launched map tasks=3
		Launched reduce tasks=1
		Data-local map tasks=3
		Total time spent by all maps in occupied slots (ms)=15853
		Total time spent by all reduces in occupied slots (ms)=5508
		Total time spent by all map tasks (ms)=15853
		Total time spent by all reduce tasks (ms)=5508
		Total vcore-milliseconds taken by all map tasks=15853
		Total vcore-milliseconds taken by all reduce tasks=5508
		Total megabyte-milliseconds taken by all map tasks=16233472
		Total megabyte-milliseconds taken by all reduce tasks=5640192
	Map-Reduce Framework
		Map input records=5
		Map output records=5
		Map output bytes=46
		Map output materialized bytes=74
		Input split bytes=338
		Combine input records=0
		Combine output records=0
		Reduce input groups=2
		Reduce shuffle bytes=74
		Reduce input records=5
		Reduce output records=0
		Spilled Records=10
		Shuffled Maps =3
		Failed Shuffles=0
		Merged Map outputs=3
		GC time elapsed (ms)=186
		CPU time spent (ms)=4490
		Physical memory (bytes) snapshot=1023234048
		Virtual memory (bytes) snapshot=10932191232
		Total committed heap usage (bytes)=650117120
		Peak Map Physical memory (bytes)=288309248
		Peak Map Virtual memory (bytes)=2736619520
		Peak Reduce Physical memory (bytes)=186068992
		Peak Reduce Virtual memory (bytes)=2733535232
	Shuffle Errors
		BAD_ID=0
		CONNECTION=0
		IO_ERROR=0
		WRONG_LENGTH=0
		WRONG_MAP=0
		WRONG_REDUCE=0
	File Input Format Counters 
		Bytes Read=51
	File Output Format Counters 
		Bytes Written=0
2026-04-13 19:25:40,794 INFO streaming.StreamJob: Output directory: /user/enovo/join/output
========== 9. Pipeline ==========
Deleted /user/enovo/wc_temp
Deleted /user/enovo/top_pipeline
packageJobJar: [/tmp/hadoop-unjar5099805305798499244/] [] /tmp/streamjob12438886611640518641.jar tmpDir=null
2026-04-13 19:25:50,922 INFO client.DefaultNoHARMFailoverProxyProvider: Connecting to ResourceManager at /0.0.0.0:8032
2026-04-13 19:25:51,111 INFO client.DefaultNoHARMFailoverProxyProvider: Connecting to ResourceManager at /0.0.0.0:8032
2026-04-13 19:25:52,117 INFO mapreduce.JobResourceUploader: Disabling Erasure Coding for path: /tmp/hadoop-yarn/staging/enovo/.staging/job_1776094534336_0019
2026-04-13 19:25:54,171 INFO mapred.FileInputFormat: Total input files to process : 1
2026-04-13 19:25:54,612 INFO mapreduce.JobSubmitter: number of splits:2
2026-04-13 19:25:55,521 INFO mapreduce.JobSubmitter: Submitting tokens for job: job_1776094534336_0019
2026-04-13 19:25:55,522 INFO mapreduce.JobSubmitter: Executing with tokens: []
2026-04-13 19:25:55,896 INFO conf.Configuration: resource-types.xml not found
2026-04-13 19:25:55,897 INFO resource.ResourceUtils: Unable to find 'resource-types.xml'.
2026-04-13 19:25:56,356 INFO impl.YarnClientImpl: Submitted application application_1776094534336_0019
2026-04-13 19:25:56,475 INFO mapreduce.Job: The url to track the job: http://LAPTOP-LTALFPSP.localdomain:8088/proxy/application_1776094534336_0019/
2026-04-13 19:25:56,481 INFO mapreduce.Job: Running job: job_1776094534336_0019
2026-04-13 19:26:05,556 INFO mapreduce.Job: Job job_1776094534336_0019 running in uber mode : false
2026-04-13 19:26:05,559 INFO mapreduce.Job:  map 0% reduce 0%
2026-04-13 19:26:12,918 INFO mapreduce.Job:  map 100% reduce 0%
2026-04-13 19:26:22,035 INFO mapreduce.Job:  map 100% reduce 100%
2026-04-13 19:26:24,100 INFO mapreduce.Job: Job job_1776094534336_0019 completed successfully
2026-04-13 19:26:24,423 INFO mapreduce.Job: Counters: 54
	File System Counters
		FILE: Number of bytes read=100
		FILE: Number of bytes written=939829
		FILE: Number of read operations=0
		FILE: Number of large read operations=0
		FILE: Number of write operations=0
		HDFS: Number of bytes read=293
		HDFS: Number of bytes written=34
		HDFS: Number of read operations=11
		HDFS: Number of large read operations=0
		HDFS: Number of write operations=2
		HDFS: Number of bytes read erasure-coded=0
	Job Counters 
		Launched map tasks=2
		Launched reduce tasks=1
		Data-local map tasks=2
		Total time spent by all maps in occupied slots (ms)=9011
		Total time spent by all reduces in occupied slots (ms)=5978
		Total time spent by all map tasks (ms)=9011
		Total time spent by all reduce tasks (ms)=5978
		Total vcore-milliseconds taken by all map tasks=9011
		Total vcore-milliseconds taken by all reduce tasks=5978
		Total megabyte-milliseconds taken by all map tasks=9227264
		Total megabyte-milliseconds taken by all reduce tasks=6121472
	Map-Reduce Framework
		Map input records=3
		Map output records=9
		Map output bytes=76
		Map output materialized bytes=106
		Input split bytes=206
		Combine input records=0
		Combine output records=0
		Reduce input groups=4
		Reduce shuffle bytes=106
		Reduce input records=9
		Reduce output records=4
		Spilled Records=18
		Shuffled Maps =2
		Failed Shuffles=0
		Merged Map outputs=2
		GC time elapsed (ms)=123
		CPU time spent (ms)=4330
		Physical memory (bytes) snapshot=798916608
		Virtual memory (bytes) snapshot=8224546816
		Total committed heap usage (bytes)=454033408
		Peak Map Physical memory (bytes)=304668672
		Peak Map Virtual memory (bytes)=2740338688
		Peak Reduce Physical memory (bytes)=199831552
		Peak Reduce Virtual memory (bytes)=2747346944
	Shuffle Errors
		BAD_ID=0
		CONNECTION=0
		IO_ERROR=0
		WRONG_LENGTH=0
		WRONG_MAP=0
		WRONG_REDUCE=0
	File Input Format Counters 
		Bytes Read=87
	File Output Format Counters 
		Bytes Written=34
2026-04-13 19:26:24,423 INFO streaming.StreamJob: Output directory: /user/enovo/wc_temp
packageJobJar: [/tmp/hadoop-unjar13278334282278862756/] [] /tmp/streamjob11864978907404952777.jar tmpDir=null
2026-04-13 19:26:27,829 INFO client.DefaultNoHARMFailoverProxyProvider: Connecting to ResourceManager at /0.0.0.0:8032
2026-04-13 19:26:28,086 INFO client.DefaultNoHARMFailoverProxyProvider: Connecting to ResourceManager at /0.0.0.0:8032
2026-04-13 19:26:28,474 INFO mapreduce.JobResourceUploader: Disabling Erasure Coding for path: /tmp/hadoop-yarn/staging/enovo/.staging/job_1776094534336_0020
2026-04-13 19:26:30,889 INFO mapred.FileInputFormat: Total input files to process : 1
2026-04-13 19:26:31,340 INFO mapreduce.JobSubmitter: number of splits:2
2026-04-13 19:27:40,158 INFO mapreduce.JobSubmitter: Submitting tokens for job: job_1776094534336_0020
2026-04-13 19:27:40,159 INFO mapreduce.JobSubmitter: Executing with tokens: []
2026-04-13 19:26:33,299 INFO conf.Configuration: resource-types.xml not found
2026-04-13 19:26:33,300 INFO resource.ResourceUtils: Unable to find 'resource-types.xml'.
2026-04-13 19:26:33,517 INFO impl.YarnClientImpl: Submitted application application_1776094534336_0020
2026-04-13 19:26:33,583 INFO mapreduce.Job: The url to track the job: http://LAPTOP-LTALFPSP.localdomain:8088/proxy/application_1776094534336_0020/
2026-04-13 19:26:33,586 INFO mapreduce.Job: Running job: job_1776094534336_0020
2026-04-13 19:26:41,773 INFO mapreduce.Job: Job job_1776094534336_0020 running in uber mode : false
2026-04-13 19:26:41,776 INFO mapreduce.Job:  map 0% reduce 0%
2026-04-13 19:26:50,335 INFO mapreduce.Job:  map 100% reduce 0%
2026-04-13 19:26:57,443 INFO mapreduce.Job:  map 100% reduce 100%
2026-04-13 19:26:58,547 INFO mapreduce.Job: Job job_1776094534336_0020 completed successfully
2026-04-13 19:26:58,775 INFO mapreduce.Job: Counters: 54
	File System Counters
		FILE: Number of bytes read=48
		FILE: Number of bytes written=939776
		FILE: Number of read operations=0
		FILE: Number of large read operations=0
		FILE: Number of write operations=0
		HDFS: Number of bytes read=257
		HDFS: Number of bytes written=25
		HDFS: Number of read operations=11
		HDFS: Number of large read operations=0
		HDFS: Number of write operations=2
		HDFS: Number of bytes read erasure-coded=0
	Job Counters 
		Launched map tasks=2
		Launched reduce tasks=1
		Data-local map tasks=2
		Total time spent by all maps in occupied slots (ms)=10304
		Total time spent by all reduces in occupied slots (ms)=4978
		Total time spent by all map tasks (ms)=10304
		Total time spent by all reduce tasks (ms)=4978
		Total vcore-milliseconds taken by all map tasks=10304
		Total vcore-milliseconds taken by all reduce tasks=4978
		Total megabyte-milliseconds taken by all map tasks=10551296
		Total megabyte-milliseconds taken by all reduce tasks=5097472
	Map-Reduce Framework
		Map input records=4
		Map output records=4
		Map output bytes=34
		Map output materialized bytes=54
		Input split bytes=206
		Combine input records=0
		Combine output records=0
		Reduce input groups=4
		Reduce shuffle bytes=54
		Reduce input records=4
		Reduce output records=3
		Spilled Records=8
		Shuffled Maps =2
		Failed Shuffles=0
		Merged Map outputs=2
		GC time elapsed (ms)=120
		CPU time spent (ms)=5050
		Physical memory (bytes) snapshot=798650368
		Virtual memory (bytes) snapshot=8227938304
		Total committed heap usage (bytes)=458227712
		Peak Map Physical memory (bytes)=300048384
		Peak Map Virtual memory (bytes)=2741862400
		Peak Reduce Physical memory (bytes)=202706944
		Peak Reduce Virtual memory (bytes)=2745278464
	Shuffle Errors
		BAD_ID=0
		CONNECTION=0
		IO_ERROR=0
		WRONG_LENGTH=0
		WRONG_MAP=0
		WRONG_REDUCE=0
	File Input Format Counters 
		Bytes Read=51
	File Output Format Counters 
		Bytes Written=25
2026-04-13 19:26:58,775 INFO streaming.StreamJob: Output directory: /user/enovo/top_pipeline
Результат pipeline:
hello	3
hadoop	3
world	2
=========================================
Все задания выполнены.
=========================================
